Archive member included because of file (symbol)

c:/winavr-20100110/bin/../lib/gcc/avr/4.3.3/avr5\libgcc.a(_udivmodsi4.o)
                              ./uart.o (__udivmodsi4)
c:/winavr-20100110/bin/../lib/gcc/avr/4.3.3/avr5\libgcc.a(_exit.o)
                              c:/winavr-20100110/bin/../lib/gcc/avr/4.3.3/../../../../avr/lib/avr5/crtm16.o (exit)
c:/winavr-20100110/bin/../lib/gcc/avr/4.3.3/avr5\libgcc.a(_clear_bss.o)
                              ./control_ecu.o (__do_clear_bss)

Memory Configuration

Name             Origin             Length             Attributes
text             0x00000000         0x00020000         xr
data             0x00800060         0x0000ffa0         rw !x
eeprom           0x00810000         0x00010000         rw !x
fuse             0x00820000         0x00000400         rw !x
lock             0x00830000         0x00000400         rw !x
signature        0x00840000         0x00000400         rw !x
*default*        0x00000000         0xffffffff

Linker script and memory map

LOAD c:/winavr-20100110/bin/../lib/gcc/avr/4.3.3/../../../../avr/lib/avr5/crtm16.o
LOAD ./control_ecu.o
LOAD ./gpio.o
LOAD ./timers.o
LOAD ./uart.o
LOAD c:/winavr-20100110/bin/../lib/gcc/avr/4.3.3/avr5\libgcc.a
LOAD c:/winavr-20100110/bin/../lib/gcc/avr/4.3.3/../../../../avr/lib/avr5\libc.a
LOAD c:/winavr-20100110/bin/../lib/gcc/avr/4.3.3/avr5\libgcc.a

.hash
 *(.hash)

.dynsym
 *(.dynsym)

.dynstr
 *(.dynstr)

.gnu.version
 *(.gnu.version)

.gnu.version_d
 *(.gnu.version_d)

.gnu.version_r
 *(.gnu.version_r)

.rel.init
 *(.rel.init)

.rela.init
 *(.rela.init)

.rel.text
 *(.rel.text)
 *(.rel.text.*)
 *(.rel.gnu.linkonce.t*)

.rela.text
 *(.rela.text)
 *(.rela.text.*)
 *(.rela.gnu.linkonce.t*)

.rel.fini
 *(.rel.fini)

.rela.fini
 *(.rela.fini)

.rel.rodata
 *(.rel.rodata)
 *(.rel.rodata.*)
 *(.rel.gnu.linkonce.r*)

.rela.rodata
 *(.rela.rodata)
 *(.rela.rodata.*)
 *(.rela.gnu.linkonce.r*)

.rel.data
 *(.rel.data)
 *(.rel.data.*)
 *(.rel.gnu.linkonce.d*)

.rela.data
 *(.rela.data)
 *(.rela.data.*)
 *(.rela.gnu.linkonce.d*)

.rel.ctors
 *(.rel.ctors)

.rela.ctors
 *(.rela.ctors)

.rel.dtors
 *(.rel.dtors)

.rela.dtors
 *(.rela.dtors)

.rel.got
 *(.rel.got)

.rela.got
 *(.rela.got)

.rel.bss
 *(.rel.bss)

.rela.bss
 *(.rela.bss)

.rel.plt
 *(.rel.plt)

.rela.plt
 *(.rela.plt)

.text           0x00000000      0xb5e
 *(.vectors)
 .vectors       0x00000000       0x54 c:/winavr-20100110/bin/../lib/gcc/avr/4.3.3/../../../../avr/lib/avr5/crtm16.o
                0x00000000                __vectors
                0x00000000                __vector_default
 *(.vectors)
 *(.progmem.gcc*)
 *(.progmem*)
                0x00000054                . = ALIGN (0x2)
                0x00000054                __trampolines_start = .
 *(.trampolines)
 .trampolines   0x00000054        0x0 linker stubs
 *(.trampolines*)
                0x00000054                __trampolines_end = .
 *(.jumptables)
 *(.jumptables*)
 *(.lowtext)
 *(.lowtext*)
                0x00000054                __ctors_start = .
 *(.ctors)
                0x00000054                __ctors_end = .
                0x00000054                __dtors_start = .
 *(.dtors)
                0x00000054                __dtors_end = .
 SORT(*)(.ctors)
 SORT(*)(.dtors)
 *(.init0)
 .init0         0x00000054        0x0 c:/winavr-20100110/bin/../lib/gcc/avr/4.3.3/../../../../avr/lib/avr5/crtm16.o
                0x00000054                __init
 *(.init0)
 *(.init1)
 *(.init1)
 *(.init2)
 .init2         0x00000054        0xc c:/winavr-20100110/bin/../lib/gcc/avr/4.3.3/../../../../avr/lib/avr5/crtm16.o
 *(.init2)
 *(.init3)
 *(.init3)
 *(.init4)
 .init4         0x00000060       0x10 c:/winavr-20100110/bin/../lib/gcc/avr/4.3.3/avr5\libgcc.a(_clear_bss.o)
                0x00000060                __do_clear_bss
 *(.init4)
 *(.init5)
 *(.init5)
 *(.init6)
 *(.init6)
 *(.init7)
 *(.init7)
 *(.init8)
 *(.init8)
 *(.init9)
 .init9         0x00000070        0x8 c:/winavr-20100110/bin/../lib/gcc/avr/4.3.3/../../../../avr/lib/avr5/crtm16.o
 *(.init9)
 *(.text)
 .text          0x00000078        0x4 c:/winavr-20100110/bin/../lib/gcc/avr/4.3.3/../../../../avr/lib/avr5/crtm16.o
                0x00000078                __vector_1
                0x00000078                __vector_12
                0x00000078                __bad_interrupt
                0x00000078                __vector_6
                0x00000078                __vector_3
                0x00000078                __vector_11
                0x00000078                __vector_13
                0x00000078                __vector_17
                0x00000078                __vector_7
                0x00000078                __vector_5
                0x00000078                __vector_4
                0x00000078                __vector_2
                0x00000078                __vector_15
                0x00000078                __vector_8
                0x00000078                __vector_14
                0x00000078                __vector_10
                0x00000078                __vector_16
                0x00000078                __vector_18
                0x00000078                __vector_20
 .text          0x0000007c        0x0 ./control_ecu.o
 .text          0x0000007c        0x0 ./gpio.o
 .text          0x0000007c        0x0 ./timers.o
 .text          0x0000007c        0x0 ./uart.o
 .text          0x0000007c        0x0 c:/winavr-20100110/bin/../lib/gcc/avr/4.3.3/avr5\libgcc.a(_udivmodsi4.o)
 .text          0x0000007c        0x0 c:/winavr-20100110/bin/../lib/gcc/avr/4.3.3/avr5\libgcc.a(_exit.o)
 .text          0x0000007c        0x0 c:/winavr-20100110/bin/../lib/gcc/avr/4.3.3/avr5\libgcc.a(_clear_bss.o)
                0x0000007c                . = ALIGN (0x2)
 *(.text.*)
 .text.main     0x0000007c       0x4e ./control_ecu.o
                0x0000007c                main
 .text.check_password_setting_status
                0x000000ca       0x10 ./control_ecu.o
                0x000000ca                check_password_setting_status
 .text.GPIO_setupPinDirection
                0x000000da      0x1f4 ./gpio.o
                0x000000da                GPIO_setupPinDirection
 .text.GPIO_writePin
                0x000002ce      0x1f4 ./gpio.o
                0x000002ce                GPIO_writePin
 .text.GPIO_readPin
                0x000004c2      0x138 ./gpio.o
                0x000004c2                GPIO_readPin
 .text.GPIO_setupPortDirection
                0x000005fa       0x88 ./gpio.o
                0x000005fa                GPIO_setupPortDirection
 .text.GPIO_writePort
                0x00000682       0x88 ./gpio.o
                0x00000682                GPIO_writePort
 .text.GPIO_readPort
                0x0000070a       0x8c ./gpio.o
                0x0000070a                GPIO_readPort
 .text.__vector_9
                0x00000796       0x66 ./timers.o
                0x00000796                __vector_9
 .text.__vector_19
                0x000007fc       0x66 ./timers.o
                0x000007fc                __vector_19
 .text.TIMERS_init
                0x00000862       0xba ./timers.o
                0x00000862                TIMERS_init
 .text.TIMERS_setCallBack
                0x0000091c       0x58 ./timers.o
                0x0000091c                TIMERS_setCallBack
 .text.clearTimerValue
                0x00000974       0x3e ./timers.o
                0x00000974                clearTimerValue
 .text.TIMERS_DeInit
                0x000009b2       0x6c ./timers.o
                0x000009b2                TIMERS_DeInit
 .text.UART_init
                0x00000a1e       0x7c ./uart.o
                0x00000a1e                UART_init
 .text.UART_sendByte
                0x00000a9a       0x2e ./uart.o
                0x00000a9a                UART_sendByte
 .text.UART_recieveByte
                0x00000ac8       0x1e ./uart.o
                0x00000ac8                UART_recieveByte
 .text.UART_sendString
                0x00000ae6       0x18 ./uart.o
                0x00000ae6                UART_sendString
 .text.UART_receiveString
                0x00000afe       0x18 ./uart.o
                0x00000afe                UART_receiveString
 .text.libgcc   0x00000b16       0x44 c:/winavr-20100110/bin/../lib/gcc/avr/4.3.3/avr5\libgcc.a(_udivmodsi4.o)
                0x00000b16                __udivmodsi4
 .text.libgcc   0x00000b5a        0x0 c:/winavr-20100110/bin/../lib/gcc/avr/4.3.3/avr5\libgcc.a(_exit.o)
 .text.libgcc   0x00000b5a        0x0 c:/winavr-20100110/bin/../lib/gcc/avr/4.3.3/avr5\libgcc.a(_clear_bss.o)
                0x00000b5a                . = ALIGN (0x2)
 *(.fini9)
 .fini9         0x00000b5a        0x0 c:/winavr-20100110/bin/../lib/gcc/avr/4.3.3/avr5\libgcc.a(_exit.o)
                0x00000b5a                exit
                0x00000b5a                _exit
 *(.fini9)
 *(.fini8)
 *(.fini8)
 *(.fini7)
 *(.fini7)
 *(.fini6)
 *(.fini6)
 *(.fini5)
 *(.fini5)
 *(.fini4)
 *(.fini4)
 *(.fini3)
 *(.fini3)
 *(.fini2)
 *(.fini2)
 *(.fini1)
 *(.fini1)
 *(.fini0)
 .fini0         0x00000b5a        0x4 c:/winavr-20100110/bin/../lib/gcc/avr/4.3.3/avr5\libgcc.a(_exit.o)
 *(.fini0)
                0x00000b5e                _etext = .

.data           0x00800060        0x0 load address 0x00000b5e
                0x00800060                PROVIDE (__data_start, .)
 *(.data)
 .data          0x00800060        0x0 c:/winavr-20100110/bin/../lib/gcc/avr/4.3.3/../../../../avr/lib/avr5/crtm16.o
 .data          0x00800060        0x0 ./control_ecu.o
 .data          0x00800060        0x0 ./gpio.o
 .data          0x00800060        0x0 ./timers.o
 .data          0x00800060        0x0 ./uart.o
 .data          0x00800060        0x0 c:/winavr-20100110/bin/../lib/gcc/avr/4.3.3/avr5\libgcc.a(_udivmodsi4.o)
 .data          0x00800060        0x0 c:/winavr-20100110/bin/../lib/gcc/avr/4.3.3/avr5\libgcc.a(_exit.o)
 .data          0x00800060        0x0 c:/winavr-20100110/bin/../lib/gcc/avr/4.3.3/avr5\libgcc.a(_clear_bss.o)
 *(.data*)
 *(.rodata)
 *(.rodata*)
 *(.gnu.linkonce.d*)
                0x00800060                . = ALIGN (0x2)
                0x00800060                _edata = .
                0x00800060                PROVIDE (__data_end, .)

.bss            0x00800060        0xc
                0x00800060                PROVIDE (__bss_start, .)
 *(.bss)
 .bss           0x00800060        0x0 c:/winavr-20100110/bin/../lib/gcc/avr/4.3.3/../../../../avr/lib/avr5/crtm16.o
 .bss           0x00800060        0x0 ./control_ecu.o
 .bss           0x00800060        0x0 ./gpio.o
 .bss           0x00800060        0x0 ./timers.o
 .bss           0x00800060        0x0 ./uart.o
 .bss           0x00800060        0x0 c:/winavr-20100110/bin/../lib/gcc/avr/4.3.3/avr5\libgcc.a(_udivmodsi4.o)
 .bss           0x00800060        0x0 c:/winavr-20100110/bin/../lib/gcc/avr/4.3.3/avr5\libgcc.a(_exit.o)
 .bss           0x00800060        0x0 c:/winavr-20100110/bin/../lib/gcc/avr/4.3.3/avr5\libgcc.a(_clear_bss.o)
 *(.bss*)
 .bss.password  0x00800060        0x6 ./control_ecu.o
                0x00800060                password
 .bss.g_timer0CallBackPtr
                0x00800066        0x2 ./timers.o
 .bss.g_timer1CallBackPtr
                0x00800068        0x2 ./timers.o
 .bss.g_timer2CallBackPtr
                0x0080006a        0x2 ./timers.o
 *(COMMON)
                0x0080006c                PROVIDE (__bss_end, .)
                0x00000b5e                __data_load_start = LOADADDR (.data)
                0x00000b5e                __data_load_end = (__data_load_start + SIZEOF (.data))

.noinit         0x0080006c        0x0
                0x0080006c                PROVIDE (__noinit_start, .)
 *(.noinit*)
                0x0080006c                PROVIDE (__noinit_end, .)
                0x0080006c                _end = .
                0x0080006c                PROVIDE (__heap_start, .)

.eeprom         0x00810000        0x0
 *(.eeprom*)
                0x00810000                __eeprom_end = .

.fuse
 *(.fuse)
 *(.lfuse)
 *(.hfuse)
 *(.efuse)

.lock
 *(.lock*)

.signature
 *(.signature*)

.stab           0x00000000     0x11dc
 *(.stab)
 .stab          0x00000000      0x4e0 ./control_ecu.o
 .stab          0x000004e0      0x624 ./gpio.o
                                0x870 (size before relaxing)
 .stab          0x00000b04      0x414 ./timers.o
                                0x6c0 (size before relaxing)
 .stab          0x00000f18      0x2c4 ./uart.o
                                0x510 (size before relaxing)

.stabstr        0x00000000      0xd40
 *(.stabstr)
 .stabstr       0x00000000      0xd40 ./control_ecu.o

.stab.excl
 *(.stab.excl)

.stab.exclstr
 *(.stab.exclstr)

.stab.index
 *(.stab.index)

.stab.indexstr
 *(.stab.indexstr)

.comment
 *(.comment)

.debug
 *(.debug)

.line
 *(.line)

.debug_srcinfo
 *(.debug_srcinfo)

.debug_sfnames
 *(.debug_sfnames)

.debug_aranges
 *(.debug_aranges)

.debug_pubnames
 *(.debug_pubnames)

.debug_info
 *(.debug_info)
 *(.gnu.linkonce.wi.*)

.debug_abbrev
 *(.debug_abbrev)

.debug_line
 *(.debug_line)

.debug_frame
 *(.debug_frame)

.debug_str
 *(.debug_str)

.debug_loc
 *(.debug_loc)

.debug_macinfo
 *(.debug_macinfo)
OUTPUT(door_locker_control_ECU.elf elf32-avr)
LOAD linker stubs
